---
source: tests/ui.rs
expression: test_mini_c(file_contents)
---
Program(
  preamble: true,
  declarations: [
    Variable(VariableDeclaration(Bool, [
      Normal("alpha"),
      Normal("beta"),
    ])),
    Variable(VariableDeclaration(Int, [
      Normal("delta"),
      Normal("epsilon"),
    ])),
    Function(FunctionDeclaration(Void, "main", [], Some(Scope([], [
      Expression(Assignment(AssignmentExpression(Normal("alpha"), Value(Bool(true))))),
      Expression(Assignment(AssignmentExpression(Normal("beta"), VariableReference(Normal("alpha"))))),
      Expression(Assignment(AssignmentExpression(Normal("delta"), Unary(UnaryExpression(Negative, Value(Int(1))))))),
      Expression(Assignment(AssignmentExpression(Normal("epsilon"), Binary(BinaryExpression(VariableReference(Normal("delta")), Add, Value(Int(1))))))),
      Expression(FunctionCall(FunctionCallExpression("putint", [
        VariableReference(Normal("delta")),
      ]))),
      Expression(FunctionCall(FunctionCallExpression("putnewline", []))),
      Expression(FunctionCall(FunctionCallExpression("putint", [
        VariableReference(Normal("epsilon")),
      ]))),
      Return(ReturnStatement(None)),
    ])))),
  ],
)
