---
source: tests/ui.rs
expression: "test_sushi(\"1 + 1 * 2 + 3 / (5 - 3)\")"
---
### stdout ###
[EMPTY]
### stderr ###
Error: Failed to parse
   ╭─[<unknown>:1:1]
   │
 1 │ 1 + 1 * 2 + 3 / (5 - 3)
   ·                        ┬  
   ·                        ╰── Unexpected EOF
   · 
   · Note: Add a `;` at the end of the line.
───╯

